
> kp-ams-v2@0.1.0 build
> next build

Γû▓ Next.js 16.1.6 (Turbopack)

node.exe : ΓÜá The 
"middleware" file 
convention is 
deprecated. Please use 
"proxy" instead. Learn 
more: https://nextjs.org
/docs/messages/middlewar
e-to-proxy
At line:1 char:1
+ & "C:\Program 
Files\nodejs/node.exe" 
"C:\Program 
Files\nodejs/node_mo ...
+ ~~~~~~~~~~~~~~~~~~~~~~
~~~~~~~~~~~~~~~~~~~~~~~~
~~~~~~~~~~~~~~~~~~~~~~~
    + CategoryInfo      
        : NotSpeci    
fied: (ΓÜá The "m    
iddle...leware-to    
-proxy:String) []    , 
RemoteException
    + FullyQualifiedE   
 rrorId : NativeCo    
mmandError
 
  Creating an optimized production build ...

> Build error occurred
Error: Turbopack build 
failed with 4 errors:
./src/app/(dashboard)/us
ers/page.tsx:1:10
Ecmascript file had an 
error
[0m[31m[1m>[22m[39m
[90m 1 |[39m 
[36mimport[39m { 
useEffect[33m,[39m 
useState } 
[36mfrom[39m [32m'rea
ct'[39m[33m;[39m
 [90m   |[39m         
 [31m[1m^[22m[39m[3
1m[1m^[22m[39m[31m[
1m^[22m[39m[31m[1m^
[22m[39m[31m[1m^[22m
[39m[31m[1m^[22m[39
m[31m[1m^[22m[39m[3
1m[1m^[22m[39m[31m[
1m^[22m[39m
 [90m 2 |[39m 
[36mimport[39m {
 [90m 3 |[39m   [33mU
serPlus[39m[33m,[39m 
[33mSearch[39m[33m,[
39m [33mShield[39m[33
m,[39m [33mMail[39m[
33m,[39m [33mMoreVerti
cal[39m[33m,[39m
 [90m 4 |[39m   [33mU
serCircle[39m[33m,[39
m [33mBadgeCheck[39m[
33m,[39m [33mPlus[39m
[33m,[39m [33mArrowUp
Right[39m[33m,[39m 
[33mEdit3[39m[0m

You're importing a 
component that needs 
`useEffect`. This React 
Hook only works in a 
Client Component. To 
fix, mark the file (or 
its parent) with the 
`"use client"` 
directive.

 Learn more: https://nex
tjs.org/docs/app/api-ref
erence/directives/use-cl
ient




./src/app/(dashboard)/us
ers/page.tsx:1:21
Ecmascript file had an 
error
[0m[31m[1m>[22m[39m
[90m 1 |[39m 
[36mimport[39m { 
useEffect[33m,[39m 
useState } 
[36mfrom[39m [32m'rea
ct'[39m[33m;[39m
 [90m   |[39m         
            [31m[1m^[
22m[39m[31m[1m^[22m
[39m[31m[1m^[22m[39m
[31m[1m^[22m[39m[31
m[1m^[22m[39m[31m[1
m^[22m[39m[31m[1m^[
22m[39m[31m[1m^[22m
[39m
 [90m 2 |[39m 
[36mimport[39m {
 [90m 3 |[39m   [33mU
serPlus[39m[33m,[39m 
[33mSearch[39m[33m,[
39m [33mShield[39m[33
m,[39m [33mMail[39m[
33m,[39m [33mMoreVerti
cal[39m[33m,[39m
 [90m 4 |[39m   [33mU
serCircle[39m[33m,[39
m [33mBadgeCheck[39m[
33m,[39m [33mPlus[39m
[33m,[39m [33mArrowUp
Right[39m[33m,[39m 
[33mEdit3[39m[0m

You're importing a 
component that needs 
`useState`. This React 
Hook only works in a 
Client Component. To 
fix, mark the file (or 
its parent) with the 
`"use client"` 
directive.

 Learn more: https://nex
tjs.org/docs/app/api-ref
erence/directives/use-cl
ient




./src/components/modals/
AddUserModal.tsx:1:27
Ecmascript file had an 
error
[0m[31m[1m>[22m[39m
[90m 1 |[39m 
[36mimport[39m [33mRe
act[39m[33m,[39m { 
useState[33m,[39m 
useEffect } 
[36mfrom[39m [32m'rea
ct'[39m[33m;[39m
 [90m   |[39m         
                  [31m
[1m^[22m[39m[31m[1m^
[22m[39m[31m[1m^[22
m[39m[31m[1m^[22m[3
9m[31m[1m^[22m[39m[
31m[1m^[22m[39m[31m
[1m^[22m[39m[31m[1m^
[22m[39m[31m[1m^[22
m[39m
 [90m 2 |[39m 
[36mimport[39m { 
[33mX[39m[33m,[39m 
[33mUserPlus[39m[33m,
[39m [33mSave[39m[33m
,[39m [33mShield[39m
[33m,[39m [33mMail[39
m[33m,[39m [33mKey[3
9m[33m,[39m 
[33mUser[39m 
[36mas[39m [33mUserIc
on[39m[33m,[39m 
[33mUsers[39m } 
[36mfrom[39m [32m'luc
ide-react'[39m[33m;[3
9m
 [90m 3 |[39m 
[36mimport[39m api 
[36mfrom[39m [32m'@/l
ib/api'[39m[33m;[39m
 [90m 4 |[39m 
[36mimport[39m toast 
[36mfrom[39m [32m'rea
ct-hot-toast'[39m[33m;
[39m[0m

You're importing a 
component that needs 
`useEffect`. This React 
Hook only works in a 
Client Component. To 
fix, mark the file (or 
its parent) with the 
`"use client"` 
directive.

 Learn more: https://nex
tjs.org/docs/app/api-ref
erence/directives/use-cl
ient



Import trace:
  Server Component:
    ./src/components/mod
als/AddUserModal.tsx
    ./src/app/(dashboard
)/users/page.tsx


./src/components/modals/
AddUserModal.tsx:1:17
Ecmascript file had an 
error
[0m[31m[1m>[22m[39m
[90m 1 |[39m 
[36mimport[39m [33mRe
act[39m[33m,[39m { 
useState[33m,[39m 
useEffect } 
[36mfrom[39m [32m'rea
ct'[39m[33m;[39m
 [90m   |[39m         
        [31m[1m^[22m
[39m[31m[1m^[22m[39m
[31m[1m^[22m[39m[31
m[1m^[22m[39m[31m[1
m^[22m[39m[31m[1m^[
22m[39m[31m[1m^[22m
[39m[31m[1m^[22m[39m
 [90m 2 |[39m 
[36mimport[39m { 
[33mX[39m[33m,[39m 
[33mUserPlus[39m[33m,
[39m [33mSave[39m[33m
,[39m [33mShield[39m
[33m,[39m [33mMail[39
m[33m,[39m [33mKey[3
9m[33m,[39m 
[33mUser[39m 
[36mas[39m [33mUserIc
on[39m[33m,[39m 
[33mUsers[39m } 
[36mfrom[39m [32m'luc
ide-react'[39m[33m;[3
9m
 [90m 3 |[39m 
[36mimport[39m api 
[36mfrom[39m [32m'@/l
ib/api'[39m[33m;[39m
 [90m 4 |[39m 
[36mimport[39m toast 
[36mfrom[39m [32m'rea
ct-hot-toast'[39m[33m;
[39m[0m

You're importing a 
component that needs 
`useState`. This React 
Hook only works in a 
Client Component. To 
fix, mark the file (or 
its parent) with the 
`"use client"` 
directive.

 Learn more: https://nex
tjs.org/docs/app/api-ref
erence/directives/use-cl
ient



Import trace:
  Server Component:
    ./src/components/mod
als/AddUserModal.tsx
    ./src/app/(dashboard
)/users/page.tsx


    at <unknown> (./src/
app/(dashboard)/users/pa
ge.tsx:1:10)
    at <unknown> (./src/
app/(dashboard)/users/pa
ge.tsx:1:21)
    at <unknown> (./src/
components/modals/AddUse
rModal.tsx:1:27)
    at <unknown> (./src/
components/modals/AddUse
rModal.tsx:1:17)
